python : Python t́m th
At line:1 char:1
+ python minimal_test.py > test_output.txt 2>&1
+ ~~~~~~~~~~~~~~~~~~~~~~~~~~~~~~~~~~~~~~~~~~~~~
    + CategoryInfo          : NotSpecified: (Python t́m th:String) [], RemoteE 
   xception
    + FullyQualifiedErrorId : NativeCommandError
 
